┏━━━━━━━━━━━━━━━━━━━━━━┳━━━━━━━━━━┳━━━━━━━━━━┳━━━━━━━━━━┳━━━━━━━━━━┳━━━━━━━━━━━┳━━━━━━━━━━┳━━━━━━━━━━━┳━━━━━━━━━━┳━━━━━━━━━━━┳━━━━━━━━━━┳━━━━━━━━━━━┳━━━━━━━━━━┓
┃                      ┃ Hold     ┃ Reg to   ┃          ┃          ┃ of which  ┃ Setup    ┃           ┃          ┃           ┃ of which ┃           ┃          ┃
┃                      ┃ Worst    ┃ Reg      ┃          ┃ Hold Vio ┃ reg to    ┃ Worst    ┃ Reg to    ┃ Setup    ┃ Setup Vio ┃ reg to   ┃ Max Cap   ┃ Max Slew ┃
┃ Corner/Group         ┃ Slack    ┃ Paths    ┃ Hold TNS ┃ Count    ┃ reg       ┃ Slack    ┃ Reg Paths ┃ TNS      ┃ Count     ┃ reg      ┃ Violatio… ┃ Violati… ┃
┡━━━━━━━━━━━━━━━━━━━━━━╇━━━━━━━━━━╇━━━━━━━━━━╇━━━━━━━━━━╇━━━━━━━━━━╇━━━━━━━━━━━╇━━━━━━━━━━╇━━━━━━━━━━━╇━━━━━━━━━━╇━━━━━━━━━━━╇━━━━━━━━━━╇━━━━━━━━━━━╇━━━━━━━━━━┩
│ Overall              │ 0.1114   │ 0.1114   │ 0.0000   │ 0        │ 0         │ -2.5278  │ -2.5278   │ -44.3738 │ 86        │ 86       │ 7         │ 3175     │
│ nom_tt_025C_1v80     │ 0.3192   │ 0.3192   │ 0.0000   │ 0        │ 0         │ 8.4891   │ 8.4891    │ 0.0000   │ 0         │ 0        │ 1         │ 121      │
│ nom_ss_100C_1v60     │ 0.8527   │ 0.8527   │ 0.0000   │ 0        │ 0         │ -2.0598  │ -2.0598   │ -28.8396 │ 28        │ 28       │ 4         │ 2863     │
│ nom_ff_n40C_1v95     │ 0.1136   │ 0.1136   │ 0.0000   │ 0        │ 0         │ 12.4912  │ 12.4912   │ 0.0000   │ 0         │ 0        │ 1         │ 6        │
│ min_tt_025C_1v80     │ 0.3158   │ 0.3157   │ 0.0000   │ 0        │ 0         │ 8.7490   │ 8.7490    │ 0.0000   │ 0         │ 0        │ 1         │ 91       │
│ min_ss_100C_1v60     │ 0.8428   │ 0.8428   │ 0.0000   │ 0        │ 0         │ -1.5705  │ -1.5705   │ -18.1269 │ 21        │ 21       │ 1         │ 2373     │
│ min_ff_n40C_1v95     │ 0.1114   │ 0.1114   │ 0.0000   │ 0        │ 0         │ 12.6584  │ 12.6584   │ 0.0000   │ 0         │ 0        │ 1         │ 0        │
│ max_tt_025C_1v80     │ 0.3230   │ 0.3230   │ 0.0000   │ 0        │ 0         │ 8.2230   │ 8.2230    │ 0.0000   │ 0         │ 0        │ 1         │ 169      │
│ max_ss_100C_1v60     │ 0.8636   │ 0.8636   │ 0.0000   │ 0        │ 0         │ -2.5278  │ -2.5278   │ -44.3738 │ 37        │ 37       │ 7         │ 3175     │
│ max_ff_n40C_1v95     │ 0.1151   │ 0.1151   │ 0.0000   │ 0        │ 0         │ 12.3174  │ 12.3174   │ 0.0000   │ 0         │ 0        │ 1         │ 23       │
└──────────────────────┴──────────┴──────────┴──────────┴──────────┴───────────┴──────────┴───────────┴──────────┴───────────┴──────────┴───────────┴──────────┘
